============================= test session starts =============================
platform win32 -- Python 3.14.5, pytest-9.1.1, pluggy-1.6.0 -- C:\Python314\python.exe
cachedir: .pytest_cache
rootdir: C:\Users\alexg\OneDrive\Desktop\fawn-backend
plugins: anyio-4.14.0
collecting ... collected 194 items / 1 error

=================================== ERRORS ====================================
________________ ERROR collecting tests/test_stripe_payouts.py ________________
ImportError while importing test module 'C:\Users\alexg\OneDrive\Desktop\fawn-backend\tests\test_stripe_payouts.py'.
Hint: make sure your test modules/packages have valid Python names.
Traceback:
C:\Python314\Lib\importlib\__init__.py:88: in import_module
    return _bootstrap._gcd_import(name[level:], package, level)
           ^^^^^^^^^^^^^^^^^^^^^^^^^^^^^^^^^^^^^^^^^^^^^^^^^^^^
tests\test_stripe_payouts.py:20: in <module>
    from services import stripe_payouts
services\stripe_payouts.py:31: in <module>
    import stripe
E   ModuleNotFoundError: No module named 'stripe'
============================== warnings summary ===============================
..\..\..\AppData\Roaming\Python\Python314\site-packages\fastapi\testclient.py:1
  C:\Users\alexg\AppData\Roaming\Python\Python314\site-packages\fastapi\testclient.py:1: StarletteDeprecationWarning: Using `httpx` with `starlette.testclient` is deprecated; install `httpx2` instead.
    from starlette.testclient import TestClient as TestClient  # noqa

config.py:4
  C:\Users\alexg\OneDrive\Desktop\fawn-backend\config.py:4: PydanticDeprecatedSince20: Support for class-based `config` is deprecated, use ConfigDict instead. Deprecated in Pydantic V2.0 to be removed in V3.0. See Pydantic V2 Migration Guide at https://errors.pydantic.dev/2.13/migration/
    class Settings(BaseSettings):

..\..\..\AppData\Roaming\Python\Python314\site-packages\slowapi\extension.py:720: 42 warnings
  C:\Users\alexg\AppData\Roaming\Python\Python314\site-packages\slowapi\extension.py:720: DeprecationWarning: 'asyncio.iscoroutinefunction' is deprecated and slated for removal in Python 3.16; use inspect.iscoroutinefunction() instead
    if asyncio.iscoroutinefunction(func):

routers\admin.py:35
  C:\Users\alexg\OneDrive\Desktop\fawn-backend\routers\admin.py:35: PydanticDeprecatedSince20: Support for class-based `config` is deprecated, use ConfigDict instead. Deprecated in Pydantic V2.0 to be removed in V3.0. See Pydantic V2 Migration Guide at https://errors.pydantic.dev/2.13/migration/
    class WaitlistEntryOut(BaseModel):

routers\admin.py:64
  C:\Users\alexg\OneDrive\Desktop\fawn-backend\routers\admin.py:64: PydanticDeprecatedSince20: Support for class-based `config` is deprecated, use ConfigDict instead. Deprecated in Pydantic V2.0 to be removed in V3.0. See Pydantic V2 Migration Guide at https://errors.pydantic.dev/2.13/migration/
    class MemberOut(BaseModel):

routers\deals.py:95
  C:\Users\alexg\OneDrive\Desktop\fawn-backend\routers\deals.py:95: PydanticDeprecatedSince20: Support for class-based `config` is deprecated, use ConfigDict instead. Deprecated in Pydantic V2.0 to be removed in V3.0. See Pydantic V2 Migration Guide at https://errors.pydantic.dev/2.13/migration/
    class SuggestionOut(BaseModel):

routers\crypto.py:57
  C:\Users\alexg\OneDrive\Desktop\fawn-backend\routers\crypto.py:57: PydanticDeprecatedSince20: Pydantic V1 style `@validator` validators are deprecated. You should migrate to Pydantic V2 style `@field_validator` validators, see the migration guide for more details. Deprecated in Pydantic V2.0 to be removed in V3.0. See Pydantic V2 Migration Guide at https://errors.pydantic.dev/2.13/migration/
    @validator("recipient_address")

routers\crypto.py:64
  C:\Users\alexg\OneDrive\Desktop\fawn-backend\routers\crypto.py:64: PydanticDeprecatedSince20: Pydantic V1 style `@validator` validators are deprecated. You should migrate to Pydantic V2 style `@field_validator` validators, see the migration guide for more details. Deprecated in Pydantic V2.0 to be removed in V3.0. See Pydantic V2 Migration Guide at https://errors.pydantic.dev/2.13/migration/
    @validator("memo")

routers\crypto.py:78
  C:\Users\alexg\OneDrive\Desktop\fawn-backend\routers\crypto.py:78: PydanticDeprecatedSince20: Pydantic V1 style `@validator` validators are deprecated. You should migrate to Pydantic V2 style `@field_validator` validators, see the migration guide for more details. Deprecated in Pydantic V2.0 to be removed in V3.0. See Pydantic V2 Migration Guide at https://errors.pydantic.dev/2.13/migration/
    @validator("memo")

routers\crypto.py:98
  C:\Users\alexg\OneDrive\Desktop\fawn-backend\routers\crypto.py:98: PydanticDeprecatedSince20: Pydantic V1 style `@validator` validators are deprecated. You should migrate to Pydantic V2 style `@field_validator` validators, see the migration guide for more details. Deprecated in Pydantic V2.0 to be removed in V3.0. See Pydantic V2 Migration Guide at https://errors.pydantic.dev/2.13/migration/
    @validator("recipient_name")

routers\crypto.py:108
  C:\Users\alexg\OneDrive\Desktop\fawn-backend\routers\crypto.py:108: PydanticDeprecatedSince20: Pydantic V1 style `@validator` validators are deprecated. You should migrate to Pydantic V2 style `@field_validator` validators, see the migration guide for more details. Deprecated in Pydantic V2.0 to be removed in V3.0. See Pydantic V2 Migration Guide at https://errors.pydantic.dev/2.13/migration/
    @validator("memo")

routers\trading.py:72
  C:\Users\alexg\OneDrive\Desktop\fawn-backend\routers\trading.py:72: PydanticDeprecatedSince20: Pydantic V1 style `@validator` validators are deprecated. You should migrate to Pydantic V2 style `@field_validator` validators, see the migration guide for more details. Deprecated in Pydantic V2.0 to be removed in V3.0. See Pydantic V2 Migration Guide at https://errors.pydantic.dev/2.13/migration/
    @validator("from_token", "to_token")

routers\trading.py:77
  C:\Users\alexg\OneDrive\Desktop\fawn-backend\routers\trading.py:77: PydanticDeprecatedSince20: Pydantic V1 style `@validator` validators are deprecated. You should migrate to Pydantic V2 style `@field_validator` validators, see the migration guide for more details. Deprecated in Pydantic V2.0 to be removed in V3.0. See Pydantic V2 Migration Guide at https://errors.pydantic.dev/2.13/migration/
    @validator("from_token", "to_token")

routers\trading.py:103
  C:\Users\alexg\OneDrive\Desktop\fawn-backend\routers\trading.py:103: PydanticDeprecatedSince20: Pydantic V1 style `@validator` validators are deprecated. You should migrate to Pydantic V2 style `@field_validator` validators, see the migration guide for more details. Deprecated in Pydantic V2.0 to be removed in V3.0. See Pydantic V2 Migration Guide at https://errors.pydantic.dev/2.13/migration/
    @validator("from_token", "to_token")

main.py:229
  C:\Users\alexg\OneDrive\Desktop\fawn-backend\main.py:229: DeprecationWarning: 
          on_event is deprecated, use lifespan event handlers instead.
  
          Read more about it in the
          [FastAPI docs for Lifespan Events](https://fastapi.tiangolo.com/advanced/events/).
          
    @app.on_event("startup")

..\..\..\AppData\Roaming\Python\Python314\site-packages\fastapi\applications.py:4601
..\..\..\AppData\Roaming\Python\Python314\site-packages\fastapi\applications.py:4601
  C:\Users\alexg\AppData\Roaming\Python\Python314\site-packages\fastapi\applications.py:4601: DeprecationWarning: 
          on_event is deprecated, use lifespan event handlers instead.
  
          Read more about it in the
          [FastAPI docs for Lifespan Events](https://fastapi.tiangolo.com/advanced/events/).
          
    return self.router.on_event(event_type)  # ty: ignore[deprecated]

main.py:261
  C:\Users\alexg\OneDrive\Desktop\fawn-backend\main.py:261: DeprecationWarning: 
          on_event is deprecated, use lifespan event handlers instead.
  
          Read more about it in the
          [FastAPI docs for Lifespan Events](https://fastapi.tiangolo.com/advanced/events/).
          
    @app.on_event("startup")

tests\test_bank_transfers.py:54
  C:\Users\alexg\OneDrive\Desktop\fawn-backend\tests\test_bank_transfers.py:54: PytestUnknownMarkWarning: Unknown pytest.mark.asyncio - is this a typo?  You can register custom marks to avoid this warning - for details, see https://docs.pytest.org/en/stable/how-to/mark.html
    @pytest.mark.asyncio

tests\test_bank_transfers.py:108
  C:\Users\alexg\OneDrive\Desktop\fawn-backend\tests\test_bank_transfers.py:108: PytestUnknownMarkWarning: Unknown pytest.mark.asyncio - is this a typo?  You can register custom marks to avoid this warning - for details, see https://docs.pytest.org/en/stable/how-to/mark.html
    @pytest.mark.asyncio

tests\test_bank_transfers.py:125
  C:\Users\alexg\OneDrive\Desktop\fawn-backend\tests\test_bank_transfers.py:125: PytestUnknownMarkWarning: Unknown pytest.mark.asyncio - is this a typo?  You can register custom marks to avoid this warning - for details, see https://docs.pytest.org/en/stable/how-to/mark.html
    @pytest.mark.asyncio

tests\test_bank_transfers.py:141
  C:\Users\alexg\OneDrive\Desktop\fawn-backend\tests\test_bank_transfers.py:141: PytestUnknownMarkWarning: Unknown pytest.mark.asyncio - is this a typo?  You can register custom marks to avoid this warning - for details, see https://docs.pytest.org/en/stable/how-to/mark.html
    @pytest.mark.asyncio

tests\test_bank_transfers.py:175
  C:\Users\alexg\OneDrive\Desktop\fawn-backend\tests\test_bank_transfers.py:175: PytestUnknownMarkWarning: Unknown pytest.mark.asyncio - is this a typo?  You can register custom marks to avoid this warning - for details, see https://docs.pytest.org/en/stable/how-to/mark.html
    @pytest.mark.asyncio

tests\test_bank_transfers.py:201
  C:\Users\alexg\OneDrive\Desktop\fawn-backend\tests\test_bank_transfers.py:201: PytestUnknownMarkWarning: Unknown pytest.mark.asyncio - is this a typo?  You can register custom marks to avoid this warning - for details, see https://docs.pytest.org/en/stable/how-to/mark.html
    @pytest.mark.asyncio

tests\test_bank_transfers.py:219
  C:\Users\alexg\OneDrive\Desktop\fawn-backend\tests\test_bank_transfers.py:219: PytestUnknownMarkWarning: Unknown pytest.mark.asyncio - is this a typo?  You can register custom marks to avoid this warning - for details, see https://docs.pytest.org/en/stable/how-to/mark.html
    @pytest.mark.asyncio

tests\test_bank_transfers.py:257
  C:\Users\alexg\OneDrive\Desktop\fawn-backend\tests\test_bank_transfers.py:257: PytestUnknownMarkWarning: Unknown pytest.mark.asyncio - is this a typo?  You can register custom marks to avoid this warning - for details, see https://docs.pytest.org/en/stable/how-to/mark.html
    @pytest.mark.asyncio

-- Docs: https://docs.pytest.org/en/stable/how-to/capture-warnings.html
=========================== short test summary info ===========================
ERROR tests/test_stripe_payouts.py
!!!!!!!!!!!!!!!!!!! Interrupted: 1 error during collection !!!!!!!!!!!!!!!!!!!!
======================== 67 warnings, 1 error in 1.59s ========================
